Archive member included to satisfy reference by file (symbol)

d:/soft/gnu tools arm embedded/5.4 2016q3/bin/../lib/gcc/arm-none-eabi/5.4.1/../../../../arm-none-eabi/lib/armv7e-m\libg_nano.a(lib_a-exit.o)
                              d:/soft/gnu tools arm embedded/5.4 2016q3/bin/../lib/gcc/arm-none-eabi/5.4.1/../../../../arm-none-eabi/lib/armv7e-m/crt0.o (exit)
d:/soft/gnu tools arm embedded/5.4 2016q3/bin/../lib/gcc/arm-none-eabi/5.4.1/../../../../arm-none-eabi/lib/armv7e-m\libg_nano.a(lib_a-impure.o)
                              d:/soft/gnu tools arm embedded/5.4 2016q3/bin/../lib/gcc/arm-none-eabi/5.4.1/../../../../arm-none-eabi/lib/armv7e-m\libg_nano.a(lib_a-exit.o) (_global_impure_ptr)
d:/soft/gnu tools arm embedded/5.4 2016q3/bin/../lib/gcc/arm-none-eabi/5.4.1/../../../../arm-none-eabi/lib/armv7e-m\libg_nano.a(lib_a-init.o)
                              d:/soft/gnu tools arm embedded/5.4 2016q3/bin/../lib/gcc/arm-none-eabi/5.4.1/../../../../arm-none-eabi/lib/armv7e-m/crt0.o (__libc_init_array)
d:/soft/gnu tools arm embedded/5.4 2016q3/bin/../lib/gcc/arm-none-eabi/5.4.1/../../../../arm-none-eabi/lib/armv7e-m\libg_nano.a(lib_a-memset.o)
                              d:/soft/gnu tools arm embedded/5.4 2016q3/bin/../lib/gcc/arm-none-eabi/5.4.1/../../../../arm-none-eabi/lib/armv7e-m/crt0.o (memset)

Discarded input sections

 .text          0x00000000        0x0 d:/soft/gnu tools arm embedded/5.4 2016q3/bin/../lib/gcc/arm-none-eabi/5.4.1/armv7e-m/crti.o
 .data          0x00000000        0x0 d:/soft/gnu tools arm embedded/5.4 2016q3/bin/../lib/gcc/arm-none-eabi/5.4.1/armv7e-m/crti.o
 .bss           0x00000000        0x0 d:/soft/gnu tools arm embedded/5.4 2016q3/bin/../lib/gcc/arm-none-eabi/5.4.1/armv7e-m/crti.o
 .data          0x00000000        0x4 d:/soft/gnu tools arm embedded/5.4 2016q3/bin/../lib/gcc/arm-none-eabi/5.4.1/armv7e-m/crtbegin.o
 .text          0x00000000       0x74 d:/soft/gnu tools arm embedded/5.4 2016q3/bin/../lib/gcc/arm-none-eabi/5.4.1/../../../../arm-none-eabi/lib/armv7e-m/crt0.o
 .data          0x00000000        0x0 d:/soft/gnu tools arm embedded/5.4 2016q3/bin/../lib/gcc/arm-none-eabi/5.4.1/../../../../arm-none-eabi/lib/armv7e-m/crt0.o
 .bss           0x00000000        0x0 d:/soft/gnu tools arm embedded/5.4 2016q3/bin/../lib/gcc/arm-none-eabi/5.4.1/../../../../arm-none-eabi/lib/armv7e-m/crt0.o
 .ARM.extab     0x00000000        0x0 d:/soft/gnu tools arm embedded/5.4 2016q3/bin/../lib/gcc/arm-none-eabi/5.4.1/../../../../arm-none-eabi/lib/armv7e-m/crt0.o
 .ARM.exidx     0x00000000        0x8 d:/soft/gnu tools arm embedded/5.4 2016q3/bin/../lib/gcc/arm-none-eabi/5.4.1/../../../../arm-none-eabi/lib/armv7e-m/crt0.o
 .ARM.attributes
                0x00000000       0x1c d:/soft/gnu tools arm embedded/5.4 2016q3/bin/../lib/gcc/arm-none-eabi/5.4.1/../../../../arm-none-eabi/lib/armv7e-m/crt0.o
 .group         0x00000000        0x8 ./src/BlinkLed.o
 .group         0x00000000        0x8 ./src/BlinkLed.o
 .group         0x00000000        0x8 ./src/BlinkLed.o
 .group         0x00000000        0x8 ./src/BlinkLed.o
 .group         0x00000000        0x8 ./src/BlinkLed.o
 .group         0x00000000        0x8 ./src/BlinkLed.o
 .group         0x00000000        0x8 ./src/BlinkLed.o
 .group         0x00000000        0x8 ./src/BlinkLed.o
 .group         0x00000000        0x8 ./src/BlinkLed.o
 .group         0x00000000        0x8 ./src/BlinkLed.o
 .group         0x00000000        0x8 ./src/BlinkLed.o
 .group         0x00000000        0x8 ./src/BlinkLed.o
 .group         0x00000000        0x8 ./src/BlinkLed.o
 .group         0x00000000        0x8 ./src/BlinkLed.o
 .group         0x00000000        0x8 ./src/BlinkLed.o
 .group         0x00000000        0x8 ./src/BlinkLed.o
 .group         0x00000000        0x8 ./src/BlinkLed.o
 .group         0x00000000        0x8 ./src/BlinkLed.o
 .group         0x00000000        0x8 ./src/BlinkLed.o
 .group         0x00000000        0x8 ./src/BlinkLed.o
 .group         0x00000000        0x8 ./src/BlinkLed.o
 .group         0x00000000        0x8 ./src/BlinkLed.o
 .group         0x00000000        0x8 ./src/BlinkLed.o
 .group         0x00000000        0x8 ./src/BlinkLed.o
 .group         0x00000000        0x8 ./src/BlinkLed.o
 .group         0x00000000        0x8 ./src/BlinkLed.o
 .group         0x00000000        0x8 ./src/BlinkLed.o
 .group         0x00000000        0x8 ./src/BlinkLed.o
 .group         0x00000000        0x8 ./src/BlinkLed.o
 .group         0x00000000        0x8 ./src/BlinkLed.o
 .group         0x00000000        0x8 ./src/BlinkLed.o
 .group         0x00000000        0x8 ./src/BlinkLed.o
 .group         0x00000000        0x8 ./src/BlinkLed.o
 .group         0x00000000        0x8 ./src/BlinkLed.o
 .group         0x00000000        0x8 ./src/BlinkLed.o
 .group         0x00000000        0x8 ./src/BlinkLed.o
 .group         0x00000000        0x8 ./src/BlinkLed.o
 .group         0x00000000        0x8 ./src/BlinkLed.o
[...]
Memory Configuration

Name             Origin             Length             Attributes
FLASH            0x08000000         0x00004000         xr
FLASH_CONFIG     0x08004000         0x00004000         r
FLASH1           0x08008000         0x000f8000         xr
SYSTEM_MEMORY    0x1fff0000         0x00007400         xr
RAM              0x20000000         0x00020000         xrw
CCM              0x10000000         0x00010000         xrw
BACKUP_SRAM      0x40024000         0x00001000         xrw
MEMORY_B1        0x60000000         0x00000000         xr
*default*        0x00000000         0xffffffff

Linker script and memory map

LOAD d:/soft/gnu tools arm embedded/5.4 2016q3/bin/../lib/gcc/arm-none-eabi/5.4.1/armv7e-m/crti.o
LOAD d:/soft/gnu tools arm embedded/5.4 2016q3/bin/../lib/gcc/arm-none-eabi/5.4.1/armv7e-m/crtbegin.o
LOAD d:/soft/gnu tools arm embedded/5.4 2016q3/bin/../lib/gcc/arm-none-eabi/5.4.1/../../../../arm-none-eabi/lib/armv7e-m/crt0.o
LOAD ./src/BlinkLed.o
LOAD ./src/main.o
LOAD ./lib/STM32F4/Drivers/STM32F4xx_StdPeriph_Driver/src/misc.o
LOAD ./lib/STM32F4/Drivers/STM32F4xx_StdPeriph_Driver/src/stm32f4xx_adc.o
LOAD ./lib/STM32F4/Drivers/STM32F4xx_StdPeriph_Driver/src/stm32f4xx_can.o
LOAD ./lib/STM32F4/Drivers/STM32F4xx_StdPeriph_Driver/src/stm32f4xx_cec.o
LOAD ./lib/STM32F4/Drivers/STM32F4xx_StdPeriph_Driver/src/stm32f4xx_crc.o
LOAD ./lib/STM32F4/Drivers/STM32F4xx_StdPeriph_Driver/src/stm32f4xx_cryp.o
LOAD ./lib/STM32F4/Drivers/STM32F4xx_StdPeriph_Driver/src/stm32f4xx_cryp_aes.o
LOAD ./lib/STM32F4/Drivers/STM32F4xx_StdPeriph_Driver/src/stm32f4xx_cryp_des.o
LOAD ./lib/STM32F4/Drivers/STM32F4xx_StdPeriph_Driver/src/stm32f4xx_cryp_tdes.o
LOAD ./lib/STM32F4/Drivers/STM32F4xx_StdPeriph_Driver/src/stm32f4xx_dac.o
LOAD ./lib/STM32F4/Drivers/STM32F4xx_StdPeriph_Driver/src/stm32f4xx_dbgmcu.o
LOAD ./lib/STM32F4/Drivers/STM32F4xx_StdPeriph_Driver/src/stm32f4xx_dcmi.o
LOAD ./lib/STM32F4/Drivers/STM32F4xx_StdPeriph_Driver/src/stm32f4xx_dfsdm.o
LOAD ./lib/STM32F4/Drivers/STM32F4xx_StdPeriph_Driver/src/stm32f4xx_dma.o
LOAD ./lib/STM32F4/Drivers/STM32F4xx_StdPeriph_Driver/src/stm32f4xx_dma2d.o
LOAD ./lib/STM32F4/Drivers/STM32F4xx_StdPeriph_Driver/src/stm32f4xx_dsi.o
LOAD ./lib/STM32F4/Drivers/STM32F4xx_StdPeriph_Driver/src/stm32f4xx_exti.o
LOAD ./lib/STM32F4/Drivers/STM32F4xx_StdPeriph_Driver/src/stm32f4xx_flash.o
LOAD ./lib/STM32F4/Drivers/STM32F4xx_StdPeriph_Driver/src/stm32f4xx_flash_ramfunc.o
LOAD ./lib/STM32F4/Drivers/STM32F4xx_StdPeriph_Driver/src/stm32f4xx_fmpi2c.o
LOAD ./lib/STM32F4/Drivers/STM32F4xx_StdPeriph_Driver/src/stm32f4xx_fsmc.o
LOAD ./lib/STM32F4/Drivers/STM32F4xx_StdPeriph_Driver/src/stm32f4xx_gpio.o
LOAD ./lib/STM32F4/Drivers/STM32F4xx_StdPeriph_Driver/src/stm32f4xx_hash.o
LOAD ./lib/STM32F4/Drivers/STM32F4xx_StdPeriph_Driver/src/stm32f4xx_hash_md5.o
LOAD ./lib/STM32F4/Drivers/STM32F4xx_StdPeriph_Driver/src/stm32f4xx_hash_sha1.o
LOAD ./lib/STM32F4/Drivers/STM32F4xx_StdPeriph_Driver/src/stm32f4xx_i2c.o
LOAD ./lib/STM32F4/Drivers/STM32F4xx_StdPeriph_Driver/src/stm32f4xx_iwdg.o
LOAD ./lib/STM32F4/Drivers/STM32F4xx_StdPeriph_Driver/src/stm32f4xx_lptim.o
LOAD ./lib/STM32F4/Drivers/STM32F4xx_StdPeriph_Driver/src/stm32f4xx_ltdc.o
LOAD ./lib/STM32F4/Drivers/STM32F4xx_StdPeriph_Driver/src/stm32f4xx_pwr.o
LOAD ./lib/STM32F4/Drivers/STM32F4xx_StdPeriph_Driver/src/stm32f4xx_qspi.o
LOAD ./lib/STM32F4/Drivers/STM32F4xx_StdPeriph_Driver/src/stm32f4xx_rcc.o
LOAD ./lib/STM32F4/Drivers/STM32F4xx_StdPeriph_Driver/src/stm32f4xx_rng.o
LOAD ./lib/STM32F4/Drivers/STM32F4xx_StdPeriph_Driver/src/stm32f4xx_rtc.o
LOAD ./lib/STM32F4/Drivers/STM32F4xx_StdPeriph_Driver/src/stm32f4xx_sai.o
LOAD ./lib/STM32F4/Drivers/STM32F4xx_StdPeriph_Driver/src/stm32f4xx_sdio.o
LOAD ./lib/STM32F4/Drivers/STM32F4xx_StdPeriph_Driver/src/stm32f4xx_spdifrx.o
LOAD ./lib/STM32F4/Drivers/STM32F4xx_StdPeriph_Driver/src/stm32f4xx_spi.o
LOAD ./lib/STM32F4/Drivers/STM32F4xx_StdPeriph_Driver/src/stm32f4xx_syscfg.o
LOAD ./lib/STM32F4/Drivers/STM32F4xx_StdPeriph_Driver/src/stm32f4xx_tim.o
LOAD ./lib/STM32F4/Drivers/STM32F4xx_StdPeriph_Driver/src/stm32f4xx_usart.o
LOAD ./lib/STM32F4/Drivers/STM32F4xx_StdPeriph_Driver/src/stm32f4xx_wwdg.o
START GROUP
LOAD d:/soft/gnu tools arm embedded/5.4 2016q3/bin/../lib/gcc/arm-none-eabi/5.4.1/armv7e-m\libgcc.a
LOAD d:/soft/gnu tools arm embedded/5.4 2016q3/bin/../lib/gcc/arm-none-eabi/5.4.1/../../../../arm-none-eabi/lib/armv7e-m\libg_nano.a
LOAD d:/soft/gnu tools arm embedded/5.4 2016q3/bin/../lib/gcc/arm-none-eabi/5.4.1/../../../../arm-none-eabi/lib/armv7e-m\libc_nano.a
END GROUP
START GROUP
LOAD d:/soft/gnu tools arm embedded/5.4 2016q3/bin/../lib/gcc/arm-none-eabi/5.4.1/armv7e-m\libgcc.a
LOAD d:/soft/gnu tools arm embedded/5.4 2016q3/bin/../lib/gcc/arm-none-eabi/5.4.1/../../../../arm-none-eabi/lib/armv7e-m\libc_nano.a
END GROUP
LOAD d:/soft/gnu tools arm embedded/5.4 2016q3/bin/../lib/gcc/arm-none-eabi/5.4.1/armv7e-m/crtend.o
LOAD d:/soft/gnu tools arm embedded/5.4 2016q3/bin/../lib/gcc/arm-none-eabi/5.4.1/armv7e-m/crtn.o
                0x00000010                _Hot_Reboot_Flags_Size = 0x10
                0x1000fff0                _estack = ((ORIGIN (STACKRAM) + LENGTH (STACKRAM)) - _Hot_Reboot_Flags_Size)
                0x08004000                __config_start = ORIGIN (FLASH_CONFIG)
                0x08008000                __config_end = (ORIGIN (FLASH_CONFIG) + LENGTH (FLASH_CONFIG))
                0x00000000                _Min_Heap_Size = 0x0
                0x00000800                _Min_Stack_Size = 0x800
                0x08000000                _isr_vector_table_flash_base = LOADADDR (.isr_vector)
                [!provide]                PROVIDE (isr_vector_table_flash_base, _isr_vector_table_flash_base)

.isr_vector     0x20000000        0x0 load address 0x08000000
                0x20000000                . = ALIGN (0x4)
                [!provide]                PROVIDE (isr_vector_table_base, .)
 *(.isr_vector)
                0x20000000                . = ALIGN (0x4)
                [!provide]                PROVIDE (isr_vector_table_end, .)

.system_isr_vector
                0x1fff0000        0x0
                0x1fff0000                . = ALIGN (0x4)
                [!provide]                PROVIDE (system_isr_vector_table_base, .)
 *(.system_isr_vector)
                0x1fff0000                . = ALIGN (0x4)

.text           0x08008000       0x74
                0x08008000                . = ALIGN (0x4)
 *(.text)
 .text          0x08008000       0x5c d:/soft/gnu tools arm embedded/5.4 2016q3/bin/../lib/gcc/arm-none-eabi/5.4.1/armv7e-m/crtbegin.o
 *(.text*)
 *(.rodata)
 *(.rodata*)
 *(.glue_7)
 .glue_7        0x0800805c        0x0 linker stubs
 *(.glue_7t)
 .glue_7t       0x0800805c        0x0 linker stubs
 *(.eh_frame)
 .eh_frame      0x0800805c        0x0 d:/soft/gnu tools arm embedded/5.4 2016q3/bin/../lib/gcc/arm-none-eabi/5.4.1/armv7e-m/crtbegin.o
 *(.init)
 .init          0x0800805c        0x4 d:/soft/gnu tools arm embedded/5.4 2016q3/bin/../lib/gcc/arm-none-eabi/5.4.1/armv7e-m/crti.o
                0x0800805c                _init
 .init          0x08008060        0x8 d:/soft/gnu tools arm embedded/5.4 2016q3/bin/../lib/gcc/arm-none-eabi/5.4.1/armv7e-m/crtn.o
 *(.fini)
 .fini          0x08008068        0x4 d:/soft/gnu tools arm embedded/5.4 2016q3/bin/../lib/gcc/arm-none-eabi/5.4.1/armv7e-m/crti.o
                0x08008068                _fini
 .fini          0x0800806c        0x8 d:/soft/gnu tools arm embedded/5.4 2016q3/bin/../lib/gcc/arm-none-eabi/5.4.1/armv7e-m/crtn.o
                0x08008074                . = ALIGN (0x4)
                0x08008074                _etext = .

.vfp11_veneer   0x08008074        0x0
 .vfp11_veneer  0x08008074        0x0 linker stubs

.v4_bx          0x08008074        0x0
 .v4_bx         0x08008074        0x0 linker stubs

.iplt           0x08008074        0x0
 .iplt          0x08008074        0x0 d:/soft/gnu tools arm embedded/5.4 2016q3/bin/../lib/gcc/arm-none-eabi/5.4.1/armv7e-m/crtbegin.o

.rel.dyn        0x08008074        0x0
 .rel.iplt      0x08008074        0x0 d:/soft/gnu tools arm embedded/5.4 2016q3/bin/../lib/gcc/arm-none-eabi/5.4.1/armv7e-m/crtbegin.o

.ARM.extab
 *(.ARM.extab* .gnu.linkonce.armextab.*)

.ARM            0x08000000        0x0
                0x08000000                __exidx_start = .
 *(.ARM.exidx*)
                0x08000000                __exidx_end = .

.preinit_array  0x08000000        0x0
                0x08000000                PROVIDE (__preinit_array_start, .)
 *(.preinit_array*)
                0x08000000                PROVIDE (__preinit_array_end, .)

.init_array     0x08000000        0x4
                0x08000000                PROVIDE (__init_array_start, .)
 *(SORT(.init_array.*))
 *(.init_array*)
 .init_array    0x08000000        0x4 d:/soft/gnu tools arm embedded/5.4 2016q3/bin/../lib/gcc/arm-none-eabi/5.4.1/armv7e-m/crtbegin.o
                0x08000004                PROVIDE (__init_array_end, .)

.fini_array     0x08000004        0x4
                [!provide]                PROVIDE (__fini_array_start, .)
 *(.fini_array*)
 .fini_array    0x08000004        0x4 d:/soft/gnu tools arm embedded/5.4 2016q3/bin/../lib/gcc/arm-none-eabi/5.4.1/armv7e-m/crtbegin.o
 *(SORT(.fini_array.*))
                [!provide]                PROVIDE (__fini_array_end, .)

.pg_registry    0x08000008        0x0
                [!provide]                PROVIDE (__pg_registry_start, .)
 *(.pg_registry)
 *(SORT(.pg_registry.*))
                [!provide]                PROVIDE (__pg_registry_end, .)

.pg_resetdata   0x08000008        0x0
                [!provide]                PROVIDE (__pg_resetdata_start, .)
 *(.pg_resetdata)
                [!provide]                PROVIDE (__pg_resetdata_end, .)
                0x08000008                _sidata = LOADADDR (.data)

.data           0x20000000        0x0 load address 0x08000008
                0x20000000                . = ALIGN (0x4)
                0x20000000                _sdata = .
 *(.data)
 *(.data*)
                0x20000000                . = ALIGN (0x4)
                0x20000000                _edata = .

.jcr            0x20000000        0x0 load address 0x08000008
 .jcr           0x20000000        0x0 d:/soft/gnu tools arm embedded/5.4 2016q3/bin/../lib/gcc/arm-none-eabi/5.4.1/armv7e-m/crtbegin.o

.igot.plt       0x20000000        0x0 load address 0x08000008
 .igot.plt      0x20000000        0x0 d:/soft/gnu tools arm embedded/5.4 2016q3/bin/../lib/gcc/arm-none-eabi/5.4.1/armv7e-m/crtbegin.o
                0x20000000                . = ALIGN (0x4)

.bss            0x20000000       0x1c load address 0x08000008
                0x20000000                _sbss = .
                0x20000000                __bss_start__ = _sbss
 *(.bss)
 .bss           0x20000000       0x1c d:/soft/gnu tools arm embedded/5.4 2016q3/bin/../lib/gcc/arm-none-eabi/5.4.1/armv7e-m/crtbegin.o
 *(SORT(.bss*))
 *(COMMON)
                0x2000001c                . = ALIGN (0x4)
                0x2000001c                _ebss = .
                0x2000001c                __bss_end__ = _ebss
                0x08008074                _sfastram_idata = LOADADDR (.fastram_data)

.fastram_data   0x10000000        0x0 load address 0x08008074
                0x10000000                . = ALIGN (0x4)
                0x10000000                _sfastram_data = .
 *(.fastram_data)
 *(.fastram_data*)
                0x10000000                . = ALIGN (0x4)
                0x10000000                _efastram_data = .
                0x10000000                . = ALIGN (0x4)

.fastram_bss    0x10000000        0x0 load address 0x08008074
                0x10000000                __fastram_bss_start__ = .
 *(.fastram_bss)
 *(SORT(.fastram_bss*))
                0x10000000                . = ALIGN (0x4)
                0x10000000                __fastram_bss_end__ = .

.persistent_data
                0x2000001c        0x0
                0x2000001c                __persistent_data_start__ = .
 *(.persistent_data)
                0x2000001c                . = ALIGN (0x4)
                0x2000001c                __persistent_data_end__ = .
                0x1000fff0                _heap_stack_end = ((ORIGIN (STACKRAM) + LENGTH (STACKRAM)) - _Hot_Reboot_Flags_Size)
                0x1000f7f0                _heap_stack_begin = ((_heap_stack_end - _Min_Stack_Size) - _Min_Heap_Size)
                0x1000f7f0                . = _heap_stack_begin

._user_heap_stack
                0x10000000      0x800
                0x10000000                . = ALIGN (0x4)
                [!provide]                PROVIDE (end, .)
                [!provide]                PROVIDE (_end, .)
                0x10000000                . = (. + _Min_Heap_Size)
                0x10000800                . = (. + _Min_Stack_Size)
 *fill*         0x10000000      0x800 a5
                0x10000800                . = ALIGN (0x4)

.memory_b1_text
 *(.mb1text)
 *(.mb1text*)
 *(.mb1rodata)
 *(.mb1rodata*)

/DISCARD/
 libc.a(*)
 libm.a(*)
 libgcc.a(*)

.ARM.attributes
                0x00000000       0x2a
 *(.ARM.attributes)
 .ARM.attributes
                0x00000000       0x1e d:/soft/gnu tools arm embedded/5.4 2016q3/bin/../lib/gcc/arm-none-eabi/5.4.1/armv7e-m/crti.o
 .ARM.attributes
                0x0000001e       0x2e d:/soft/gnu tools arm embedded/5.4 2016q3/bin/../lib/gcc/arm-none-eabi/5.4.1/armv7e-m/crtbegin.o
 .ARM.attributes
                0x0000004c       0x1e d:/soft/gnu tools arm embedded/5.4 2016q3/bin/../lib/gcc/arm-none-eabi/5.4.1/armv7e-m/crtn.o
OUTPUT(stm32f405_template.elf elf32-littlearm)
